<testsuite errors="0" failures="0" name="Django Project Tests" skips="0" tests="22" time="7.806"><testcase classname="blogengine.tests.PostTest" name="test_create_category" time="0.001000" /><testcase classname="blogengine.tests.PostTest" name="test_create_post" time="0.196000" /><testcase classname="blogengine.tests.PostTest" name="test_create_tag" time="0.001000" /><testcase classname="blogengine.tests.AdminTest" name="test_create_category" time="0.538000" /><testcase classname="blogengine.tests.AdminTest" name="test_create_post" time="0.400000" /><testcase classname="blogengine.tests.AdminTest" name="test_create_tag" time="0.349000" /><testcase classname="blogengine.tests.AdminTest" name="test_delete_category" time="0.272000" /><testcase classname="blogengine.tests.AdminTest" name="test_delete_post" time="0.453000" /><testcase classname="blogengine.tests.AdminTest" name="test_delete_tag" time="0.263000" /><testcase classname="blogengine.tests.AdminTest" name="test_edit_category" time="0.276000" /><testcase classname="blogengine.tests.AdminTest" name="test_edit_post" time="0.473000" /><testcase classname="blogengine.tests.AdminTest" name="test_edit_tag" time="0.275000" /><testcase classname="blogengine.tests.AdminTest" name="test_login" time="0.275000" /><testcase classname="blogengine.tests.AdminTest" name="test_logout" time="0.275000" /><testcase classname="blogengine.tests.FeedTest" name="test_all_post_feed" time="0.221000" /><testcase classname="blogengine.tests.FlatPageViewTest" name="test_create_flag_page" time="0.081000" /><testcase classname="blogengine.tests.PostViewTest" name="test_category_page" time="0.212000" /><testcase classname="blogengine.tests.PostViewTest" name="test_index" time="0.203000" /><testcase classname="blogengine.tests.PostViewTest" name="test_nonexistent_category_page" time="0.013000" /><testcase classname="blogengine.tests.PostViewTest" name="test_nonexistent_tag_page" time="0.014000" /><testcase classname="blogengine.tests.PostViewTest" name="test_post_page" time="0.209000" /><testcase classname="blogengine.tests.PostViewTest" name="test_tag_page" time="0.209000" /></testsuite>